// Jest Snapshot v1, https://goo.gl/fbAQLP

exports[`should match snapshot 1`] = `
<DocumentFragment>
  <div
    class="Card"
    style="z-index: 1;"
  >
    <img
      alt="6 of Hearts"
      src="img"
    />
  </div>
</DocumentFragment>
`;
